nx_alive.c:32:7:NX_ALIVE_Initialize	0	static
nx_alive.c:51:6:NX_ALIVE_GetNumberOfModule	0	static
nx_alive.c:63:6:NX_ALIVE_GetPhysicalAddress	0	static
nx_alive.c:73:6:NX_ALIVE_GetSizeOfRegisterSet	0	static
nx_alive.c:85:6:NX_ALIVE_SetBaseAddress	0	static
nx_alive.c:98:7:NX_ALIVE_GetBaseAddress	0	static
nx_alive.c:110:7:NX_ALIVE_OpenModule	0	static
nx_alive.c:121:7:NX_ALIVE_CloseModule	0	static
nx_alive.c:132:7:NX_ALIVE_CheckBusy	0	static
nx_alive.c:143:7:NX_ALIVE_CanPowerDown	0	static
nx_alive.c:155:6:NX_ALIVE_GetInterruptNumber	0	static
nx_alive.c:208:6:NX_ALIVE_SetInterruptEnable	0	static
nx_alive.c:237:7:NX_ALIVE_GetInterruptEnable	0	static
nx_alive.c:254:6:NX_ALIVE_SetInterruptEnable32	0	static
nx_alive.c:278:6:NX_ALIVE_GetInterruptEnable32	0	static
nx_alive.c:293:7:NX_ALIVE_GetInterruptPending	0	static
nx_alive.c:311:6:NX_ALIVE_GetInterruptPending32	0	static
nx_alive.c:325:6:NX_ALIVE_ClearInterruptPending	0	static
nx_alive.c:342:6:NX_ALIVE_ClearInterruptPending32	0	static
nx_alive.c:356:6:NX_ALIVE_SetInterruptEnableAll	0	static
nx_alive.c:376:7:NX_ALIVE_GetInterruptEnableAll	0	static
nx_alive.c:396:7:NX_ALIVE_GetInterruptPendingAll	0	static
nx_alive.c:415:6:NX_ALIVE_ClearInterruptPendingAll	0	static
nx_alive.c:429:6:NX_ALIVE_GetInterruptPendingNumber	0	static
nx_alive.c:477:6:NX_ALIVE_SetWriteEnable	0	static
nx_alive.c:491:7:NX_ALIVE_GetWriteEnable	0	static
nx_alive.c:506:6:NX_ALIVE_SetScratchReg	0	static
nx_alive.c:519:6:NX_ALIVE_GetScratchReg	0	static
nx_alive.c:535:6:NX_ALIVE_SetPullUpEnable	0	static
nx_alive.c:554:9:NX_ALIVE_SetPullUpEnable32	0	static
nx_alive.c:568:7:NX_ALIVE_GetPullUpEnable	0	static
nx_alive.c:590:6:NX_ALIVE_SetDetectEnable	0	static
nx_alive.c:610:6:NX_ALIVE_SetDetectEnable32	0	static
nx_alive.c:625:7:NX_ALIVE_GetDetectEnable	0	static
nx_alive.c:643:6:NX_ALIVE_SetDetectMode	0	static
nx_alive.c:705:6:NX_ALIVE_SetDetectMode32	16	static
nx_alive.c:721:7:NX_ALIVE_GetDetectMode	0	static
nx_alive.c:774:7:NX_ALIVE_GetVDDPWRTOGGLE	0	static
nx_alive.c:796:6:NX_ALIVE_SetOutputEnable	0	static
nx_alive.c:825:7:NX_ALIVE_SetOutputEnable32	0	static
nx_alive.c:832:7:NX_ALIVE_SetInputEnable32	0	static
nx_alive.c:846:9:NX_ALIVE_GetOutputEnable	0	static
nx_alive.c:853:9:NX_ALIVE_GetOutputEnable32	0	static
nx_alive.c:860:7:NX_ALIVE_GetInputEnable	0	static
nx_alive.c:868:6:NX_ALIVE_GetInputEnable32	0	static
nx_alive.c:885:9:NX_ALIVE_SetOutputValue	0	static
nx_alive.c:905:9:NX_ALIVE_SetOutputHigh32	0	static
nx_alive.c:919:7:NX_ALIVE_GetOutputValue	0	static
nx_alive.c:927:9:NX_ALIVE_GetOutputValue32	0	static
nx_alive.c:943:7:NX_ALIVE_GetInputValue	0	static
nx_alive.c:951:9:NX_ALIVE_GetInputValue32	0	static
nx_alive.c:972:6:NX_ALIVE_SetVDDPWRON	0	static
nx_alive.c:998:7:NX_ALIVE_GetVDDPWRON	0	static
nx_alive.c:1013:7:NX_ALIVE_GetVDDPWRON_DDR	0	static
nx_alive.c:1028:5:NX_ALIVE_GetCorePowerOffDelayTime	0	static
nx_alive.c:1034:7:NX_ALIVE_SetCorePowerOffDelayTime	0	static
nx_alive.c:1040:6:NX_ALIVE_GetWakeUpStatus	0	static
nx_alive.c:1053:7:NX_ALIVE_ClearWakeUpStatus	0	static
