nx_clkpwr.c:37:7:NX_CLKPWR_Initialize	0	static
nx_clkpwr.c:57:6:NX_CLKPWR_GetNumberOfModule	0	static
nx_clkpwr.c:69:6:NX_CLKPWR_GetPhysicalAddress	0	static
nx_clkpwr.c:79:6:NX_CLKPWR_GetSizeOfRegisterSet	0	static
nx_clkpwr.c:91:6:NX_CLKPWR_SetBaseAddress	0	static
nx_clkpwr.c:103:7:NX_CLKPWR_GetBaseAddress	0	static
nx_clkpwr.c:114:7:NX_CLKPWR_OpenModule	0	static
nx_clkpwr.c:125:7:NX_CLKPWR_CloseModule	0	static
nx_clkpwr.c:169:6:NX_CLKPWR_GetInterruptNumber	0	static
nx_clkpwr.c:184:6:NX_CLKPWR_SetInterruptEnable	0	static
nx_clkpwr.c:221:7:NX_CLKPWR_GetInterruptEnable	0	static
nx_clkpwr.c:248:6:NX_CLKPWR_SetInterruptEnable32	0	static
nx_clkpwr.c:272:6:NX_CLKPWR_GetInterruptEnable32	0	static
nx_clkpwr.c:291:7:NX_CLKPWR_GetInterruptPending	0	static
nx_clkpwr.c:319:6:NX_CLKPWR_GetInterruptPending32	0	static
nx_clkpwr.c:337:6:NX_CLKPWR_ClearInterruptPending	0	static
nx_clkpwr.c:364:6:NX_CLKPWR_ClearInterruptPending32	0	static
nx_clkpwr.c:382:6:NX_CLKPWR_SetInterruptEnableAll	0	static
nx_clkpwr.c:404:7:NX_CLKPWR_GetInterruptEnableAll	0	static
nx_clkpwr.c:425:7:NX_CLKPWR_GetInterruptPendingAll	0	static
nx_clkpwr.c:446:6:NX_CLKPWR_ClearInterruptPendingAll	0	static
nx_clkpwr.c:462:6:NX_CLKPWR_GetInterruptPendingNumber	0	static
nx_clkpwr.c:507:6:NX_CLKPWR_SetPLLPMS	16	static
nx_clkpwr.c:529:6:NX_CLKPWR_GetPLLFreq	0	static
nx_clkpwr.c:556:6:NX_CLKPWR_SetPLLDither	24	static
nx_clkpwr.c:628:6:NX_CLKPWR_DoPLLChange	0	static
nx_clkpwr.c:644:7:NX_CLKPWR_IsPLLStable	0	static
nx_clkpwr.c:152:7:NX_CLKPWR_CanPowerDown	8	static
nx_clkpwr.c:136:7:NX_CLKPWR_CheckBusy	8	static
nx_clkpwr.c:663:6:NX_CLKPWR_SetClockCPU	0	static
nx_clkpwr.c:692:6:NX_CLKPWR_SetClockDivider2	0	static
nx_clkpwr.c:712:6:NX_CLKPWR_SetClockDivider3	0	static
nx_clkpwr.c:736:6:NX_CLKPWR_SetClockDivider4	0	static
nx_clkpwr.c:828:6:NX_CLKPWR_SetRTCWakeUpEnable	0	static
nx_clkpwr.c:852:7:NX_CLKPWR_GetRTCWakeUpEnable	0	static
nx_clkpwr.c:870:6:NX_CLKPWR_SetALIVEGPIOWakeupEnable	0	static
nx_clkpwr.c:886:6:NX_CLKPWR_SetALIVEGPIOWakeupEnableAll	16	static
nx_clkpwr.c:914:7:NX_CLKPWR_GetALIVEGPIOWakeupEnable	0	static
nx_clkpwr.c:930:6:NX_CLKPWR_SetALIVEGPIOWakeUpRiseEdgeDetectEnable	0	static
nx_clkpwr.c:953:7:NX_CLKPWR_GetALIVEGPIOWakeUpRiseEdgeDetectEnable	0	static
nx_clkpwr.c:969:6:NX_CLKPWR_SetALIVEGPIOWakeUpFallEdgeDetectEnable	0	static
nx_clkpwr.c:992:7:NX_CLKPWR_GetALIVEGPIOWakeUpFallEdgeDetectEnable	0	static
nx_clkpwr.c:1008:6:NX_CLKPWR_SetSoftwareResetEnable	0	static
nx_clkpwr.c:1031:7:NX_CLKPWR_GetSoftwareResetEnable	0	static
nx_clkpwr.c:1045:6:NX_CLKPWR_DoSoftwareReset	0	static
nx_clkpwr.c:1063:6:NX_CLKPWR_SetALIVEGPIOResetEnable	0	static
nx_clkpwr.c:897:6:NX_CLKPWR_SetALIVEGPIOResetEnableAll	16	static
nx_clkpwr.c:1085:7:NX_CLKPWR_GetALIVEGPIOResetEnable	0	static
nx_clkpwr.c:1115:23:NX_CLKPWR_GetResetStatus	0	static
nx_clkpwr.c:1143:6:NX_CLKPWR_GoStopMode	0	static
nx_clkpwr.c:1152:6:NX_CLKPWR_SetImmediateSleepEnable	8	static
nx_clkpwr.c:1168:6:NX_CLKPWR_GoIdleMode	0	static
nx_clkpwr.c:1198:21:NX_CLKPWR_GetLastPowerMode	0	static
nx_clkpwr.c:1218:6:NX_CLKPWR_SetScratchPad	0	static
nx_clkpwr.c:1233:6:NX_CLKPWR_GetScratchPad	0	static
nx_clkpwr.c:1245:6:NX_CLKPWR_GetSystemResetConfiguration	0	static
nx_clkpwr.c:1255:6:NX_CLKPWR_SetCPUPowerOff	0	static
nx_clkpwr.c:1268:6:NX_CLKPWR_SetCPUPowerOff32	0	static
nx_clkpwr.c:1277:6:NX_CLKPWR_SetCPUPowerOn	0	static
nx_clkpwr.c:1290:6:NX_CLKPWR_SetCPUPowerOn32	0	static
nx_clkpwr.c:1299:6:NX_CLKPWR_SetCPUResetMode	0	static
nx_clkpwr.c:1309:6:NX_CLKPWR_SetCPUWarmReset	0	static
nx_clkpwr.c:1322:7:NX_CLKPWR_GetCPUPowerOnStatus	0	static
nx_clkpwr.c:1335:6:NX_CLKPWR_GetCPUPowerOnStatus32	0	static
nx_clkpwr.c:1346:7:NX_CLKPWR_GetCPUPowerOffStatus	0	static
nx_clkpwr.c:1359:6:NX_CLKPWR_GetCPUPowerOffStatus32	0	static
nx_clkpwr.c:1370:6:NX_CLKPWR_GetCPUClockOnStatus	0	static
nx_clkpwr.c:1384:6:NX_CLKPWR_SetPllOutGMux	16	static
nx_clkpwr.c:1393:6:NX_CLKPWR_UpdatePllSetReg	8	static
nx_clkpwr.c:1401:7:NX_CLKPWR_IsPLLStableUpdate	0	static
nx_clkpwr.c:1409:6:NX_CLKPWR_SetPLLPower	16	static
