nx_clkgen.c:24:7:NX_CLKGEN_Initialize	0	static
nx_clkgen.c:40:7:NX_CLKGEN_GetNumberOfModule	0	static
nx_clkgen.c:45:7:NX_CLKGEN_GetPhysicalAddress	0	static
nx_clkgen.c:54:7:NX_CLKGEN_GetSizeOfRegisterSet	0	static
nx_clkgen.c:59:7:NX_CLKGEN_SetBaseAddress	0	static
nx_clkgen.c:67:8:NX_CLKGEN_GetBaseAddress	0	static
nx_clkgen.c:75:6:NX_CLKGEN_SetClockBClkMode	0	static
nx_clkgen.c:102:13:NX_CLKGEN_GetClockBClkMode	0	static
nx_clkgen.c:124:6:NX_CLKGEN_SetClockPClkMode	0	static
nx_clkgen.c:157:13:NX_CLKGEN_GetClockPClkMode	0	static
nx_clkgen.c:186:6:NX_CLKGEN_SetClockSource	0	static
nx_clkgen.c:218:8:NX_CLKGEN_GetClockSource	0	static
nx_clkgen.c:242:8:NX_CLKGEN_SetClockDivisor	0	static
nx_clkgen.c:273:8:NX_CLKGEN_GetClockDivisor	0	static
nx_clkgen.c:296:8:NX_CLKGEN_SetClockDivisorEnable	0	static
nx_clkgen.c:324:9:NX_CLKGEN_GetClockDivisorEnable	0	static
nx_clkgen.c:338:8:NX_CLKGEN_SetClockOutInv	0	static
nx_clkgen.c:361:9:NX_CLKGEN_GetClockOutInv	0	static
nx_clkgen.c:376:7:NX_CLKGEN_SetInputInv	0	static
nx_clkgen.c:399:8:NX_CLKGEN_GetInputInv	0	static
