nx_gpio.c:85:15:NX_GPIO_SetBit	0	static
nx_gpio.c:114:16:NX_GPIO_GetBit	0	static
nx_gpio.c:134:15:NX_GPIO_SetBit2	0	static
nx_gpio.c:161:14:NX_GPIO_GetBit2	0	static
nx_gpio.c:180:7:NX_GPIO_Initialize	0	static
nx_gpio.c:209:6:NX_GPIO_GetNumberOfModule	0	static
nx_gpio.c:222:6:NX_GPIO_GetPhysicalAddress	0	static
nx_gpio.c:237:6:NX_GPIO_GetSizeOfRegisterSet	0	static
nx_gpio.c:249:6:NX_GPIO_SetBaseAddress	0	static
nx_gpio.c:263:7:NX_GPIO_GetBaseAddress	0	static
nx_gpio.c:277:7:NX_GPIO_OpenModule	0	static
nx_gpio.c:303:7:NX_GPIO_CloseModule	0	static
nx_gpio.c:317:7:NX_GPIO_CheckBusy	0	static
nx_gpio.c:332:7:NX_GPIO_GetInterruptNumber	40	static
nx_gpio.c:384:7:NX_GPIO_GetInterruptEnable	0	static
nx_gpio.c:413:6:NX_GPIO_SetInterruptEnable32	0	static
nx_gpio.c:439:6:NX_GPIO_GetInterruptEnable32	0	static
nx_gpio.c:460:7:NX_GPIO_GetInterruptPending	0	static
nx_gpio.c:490:6:NX_GPIO_GetInterruptPending32	0	static
nx_gpio.c:510:6:NX_GPIO_ClearInterruptPending	0	static
nx_gpio.c:534:6:NX_GPIO_ClearInterruptPending32	0	static
nx_gpio.c:555:6:NX_GPIO_SetInterruptEnableAll	0	static
nx_gpio.c:584:7:NX_GPIO_GetInterruptEnableAll	0	static
nx_gpio.c:608:7:NX_GPIO_GetInterruptPendingAll	0	static
nx_gpio.c:631:6:NX_GPIO_ClearInterruptPendingAll	0	static
nx_gpio.c:650:6:NX_GPIO_GetInterruptPendingNumber	0	static
nx_gpio.c:687:9:NX_GPIO_SetInterruptMode	16	static
nx_gpio.c:710:17:NX_GPIO_GetInterruptMode	0	static
nx_gpio.c:737:6:NX_GPIO_SetOutputEnable	0	static
nx_gpio.c:761:9:NX_GPIO_GetDetectEnable	0	static
nx_gpio.c:775:7:NX_GPIO_GetDetectEnable32	0	static
nx_gpio.c:795:8:NX_GPIO_SetDetectEnable	0	static
nx_gpio.c:354:6:NX_GPIO_SetInterruptEnable	12	static
nx_gpio.c:810:8:NX_GPIO_SetDetectEnable32	0	static
nx_gpio.c:831:7:NX_GPIO_GetOutputEnable	0	static
nx_gpio.c:854:6:NX_GPIO_SetOutputEnable32	0	static
nx_gpio.c:880:6:NX_GPIO_GetOutputEnable32	0	static
nx_gpio.c:902:6:NX_GPIO_SetOutputValue	0	static
nx_gpio.c:925:7:NX_GPIO_GetOutputValue	0	static
nx_gpio.c:948:6:NX_GPIO_SetOutputValue32	0	static
nx_gpio.c:969:6:NX_GPIO_GetOutputValue32	0	static
nx_gpio.c:990:7:NX_GPIO_GetInputValue	0	static
nx_gpio.c:1013:6:NX_GPIO_SetPullSelect	16	static
nx_gpio.c:1024:6:NX_GPIO_SetPullSelect32	0	static
nx_gpio.c:1038:7:NX_GPIO_GetPullSelect	0	static
nx_gpio.c:1046:6:NX_GPIO_GetPullSelect32	0	static
nx_gpio.c:1054:6:NX_GPIO_SetPullMode	16	static
nx_gpio.c:1092:6:NX_GPIO_SetPadFunction	0	static
nx_gpio.c:1107:6:NX_GPIO_SetPadFunction32	0	static
nx_gpio.c:1129:17:NX_GPIO_GetPadFunction	0	static
nx_gpio.c:1151:6:NX_GPIO_GetValidBit	0	static
nx_gpio.c:1165:7:NX_GPIO_SetSlew	0	static
nx_gpio.c:1178:7:NX_GPIO_SetSlewDisableDefault	0	static
nx_gpio.c:1199:8:NX_GPIO_GetSlew	0	static
nx_gpio.c:1218:7:NX_GPIO_SetSlew32	0	static
nx_gpio.c:1237:6:NX_GPIO_GetSlew32	0	static
nx_gpio.c:1258:7:NX_GPIO_SetDriveStrength	16	static
nx_gpio.c:1272:7:NX_GPIO_SetDriveStrengthDisableDefault	16	static
nx_gpio.c:1294:22:NX_GPIO_GetDriveStrength	0	static
nx_gpio.c:1320:6:NX_GPIO_SetPullEnable	16	static
nx_gpio.c:1347:14:NX_GPIO_GetPullEnable	0	static
nx_gpio.c:1372:6:NX_GPIO_SetPullEnable32	0	static
nx_gpio.c:1394:7:NX_GPIO_GetPullEnable32	0	static
nx_gpio.c:1414:6:NX_GPIO_SetInputMuxSelect0	0	static
nx_gpio.c:1429:6:NX_GPIO_SetInputMuxSelect1	0	static
nx_gpio.c:1463:6:NX_GPIO_SetPadFunctionEnable	16	static
