nx_lvds.c:60:7:NX_LVDS_Initialize	0	static
nx_lvds.c:85:6:NX_LVDS_GetNumberOfModule	0	static
nx_lvds.c:99:6:NX_LVDS_GetSizeOfRegisterSet	0	static
nx_lvds.c:114:6:NX_LVDS_SetBaseAddress	0	static
nx_lvds.c:130:7:NX_LVDS_GetBaseAddress	0	static
nx_lvds.c:146:6:NX_LVDS_GetPhysicalAddress	0	static
nx_lvds.c:167:7:NX_LVDS_OpenModule	8	static
nx_lvds.c:185:7:NX_LVDS_CloseModule	8	static
nx_lvds.c:202:7:NX_LVDS_CheckBusy	8	static
nx_lvds.c:220:5:NX_LVDS_GetResetNumber	0	static
nx_lvds.c:380:6:NX_LVDS_SetLVDSCTRL0	0	static
nx_lvds.c:391:6:NX_LVDS_SetLVDSCTRL1	0	static
nx_lvds.c:402:6:NX_LVDS_SetLVDSCTRL2	0	static
nx_lvds.c:412:6:NX_LVDS_SetLVDSCTRL3	0	static
nx_lvds.c:422:6:NX_LVDS_SetLVDSCTRL4	0	static
nx_lvds.c:434:6:NX_LVDS_SetLVDSTMODE0	0	static
nx_lvds.c:446:6:NX_LVDS_SetLVDSLOC0	0	static
nx_lvds.c:456:6:NX_LVDS_SetLVDSLOC1	0	static
nx_lvds.c:467:6:NX_LVDS_SetLVDSLOC2	0	static
nx_lvds.c:478:6:NX_LVDS_SetLVDSLOC3	0	static
nx_lvds.c:489:6:NX_LVDS_SetLVDSLOC4	0	static
nx_lvds.c:500:6:NX_LVDS_SetLVDSLOC5	0	static
nx_lvds.c:511:6:NX_LVDS_SetLVDSLOC6	0	static
nx_lvds.c:522:6:NX_LVDS_SetLVDSLOCMASK0	0	static
nx_lvds.c:533:6:NX_LVDS_SetLVDSLOCMASK1	0	static
nx_lvds.c:544:6:NX_LVDS_SetLVDSLOCPOL0	0	static
nx_lvds.c:555:6:NX_LVDS_SetLVDSLOCPOL1	0	static
nx_lvds.c:574:6:NX_LVDS_SetLVDSDUMMY	0	static
nx_lvds.c:587:5:NX_LVDS_GetLVDSDUMMY	0	static
nx_lvds.c:604:5:NX_LVDS_GetLVDSCTRL0	0	static
nx_lvds.c:616:5:NX_LVDS_GetLVDSCTRL1	0	static
nx_lvds.c:627:5:NX_LVDS_GetLVDSCTRL2	0	static
nx_lvds.c:638:5:NX_LVDS_GetLVDSCTRL3	0	static
nx_lvds.c:649:5:NX_LVDS_GetLVDSCTRL4	0	static
