nx_mlc.c:37:7:NX_MLC_Initialize	0	static
nx_mlc.c:61:6:NX_MLC_GetNumberOfModule	0	static
nx_mlc.c:74:6:NX_MLC_GetPhysicalAddress	8	static
nx_mlc.c:90:6:NX_MLC_GetSizeOfRegisterSet	0	static
nx_mlc.c:102:6:NX_MLC_SetBaseAddress	0	static
nx_mlc.c:116:7:NX_MLC_GetBaseAddress	0	static
nx_mlc.c:130:7:NX_MLC_OpenModule	0	static
nx_mlc.c:144:7:NX_MLC_CloseModule	0	static
nx_mlc.c:158:7:NX_MLC_CheckBusy	0	static
nx_mlc.c:172:7:NX_MLC_CanPowerDown	0	static
nx_mlc.c:188:8:NX_MLC_SetClockPClkMode	0	static
nx_mlc.c:226:13:NX_MLC_GetClockPClkMode	0	static
nx_mlc.c:248:8:NX_MLC_SetClockBClkMode	0	static
nx_mlc.c:282:13:NX_MLC_GetClockBClkMode	0	static
nx_mlc.c:327:6:NX_MLC_SetTopPowerMode	0	static
nx_mlc.c:358:7:NX_MLC_GetTopPowerMode	0	static
nx_mlc.c:394:6:NX_MLC_SetTopSleepMode	0	static
nx_mlc.c:426:7:NX_MLC_GetTopSleepMode	0	static
nx_mlc.c:447:6:NX_MLC_SetTopDirtyFlag	0	static
nx_mlc.c:474:7:NX_MLC_GetTopDirtyFlag	0	static
nx_mlc.c:494:6:NX_MLC_SetMLCEnable	0	static
nx_mlc.c:527:7:NX_MLC_GetMLCEnable	0	static
nx_mlc.c:547:6:NX_MLC_SetFieldEnable	0	static
nx_mlc.c:580:7:NX_MLC_GetFieldEnable	0	static
nx_mlc.c:600:6:NX_MLC_SetLayerPriority	0	static
nx_mlc.c:637:6:NX_MLC_SetScreenSize	0	static
nx_mlc.c:663:6:NX_MLC_GetScreenSize	0	static
nx_mlc.c:689:6:NX_MLC_SetBackground	0	static
nx_mlc.c:716:6:NX_MLC_SetDirtyFlag	0	static
nx_mlc.c:756:7:NX_MLC_GetDirtyFlag	0	static
nx_mlc.c:792:6:NX_MLC_SetLayerEnable	0	static
nx_mlc.c:841:7:NX_MLC_GetLayerEnable	0	static
nx_mlc.c:873:6:NX_MLC_SetLockSize	0	static
nx_mlc.c:923:6:NX_MLC_SetAlphaBlending	0	static
nx_mlc.c:990:6:NX_MLC_SetTransparency	0	static
nx_mlc.c:1044:6:NX_MLC_SetColorInversion	0	static
nx_mlc.c:1101:6:NX_MLC_GetExtendedColor	56	static
nx_mlc.c:1195:6:NX_MLC_SetFormatRGB	0	static
nx_mlc.c:1232:6:NX_MLC_SetFormatYUV	0	static
nx_mlc.c:1267:6:NX_MLC_SetPosition	12	static
nx_mlc.c:1316:6:NX_MLC_SetDitherEnableWhenUsingGamma	0	static
nx_mlc.c:1346:7:NX_MLC_GetDitherEnableWhenUsingGamma	0	static
nx_mlc.c:1365:6:NX_MLC_SetGammaPriority	0	static
nx_mlc.c:1395:7:NX_MLC_GetGammaPriority	0	static
nx_mlc.c:1425:6:NX_MLC_SetRGBLayerInvalidPosition	12	static
nx_mlc.c:1482:6:NX_MLC_SetRGBLayerStride	0	static
nx_mlc.c:1523:6:NX_MLC_SetRGBLayerAddress	0	static
nx_mlc.c:1566:6:NX_MLC_SetRGBLayerGamaTablePowerMode	0	static
nx_mlc.c:1611:6:NX_MLC_GetRGBLayerGamaTablePowerMode	0	static
nx_mlc.c:1649:6:NX_MLC_SetRGBLayerGamaTableSleepMode	0	static
nx_mlc.c:1694:6:NX_MLC_GetRGBLayerGamaTableSleepMode	0	static
nx_mlc.c:1728:6:NX_MLC_SetRGBLayerRGammaTable	0	static
nx_mlc.c:1753:6:NX_MLC_SetRGBLayerGGammaTable	0	static
nx_mlc.c:1778:6:NX_MLC_SetRGBLayerBGammaTable	0	static
nx_mlc.c:1803:6:NX_MLC_SetRGBLayerGammaEnable	0	static
nx_mlc.c:1833:7:NX_MLC_GetRGBLayerGammaEnable	0	static
nx_mlc.c:1860:6:NX_MLC_SetVideoLayerStride	0	static
nx_mlc.c:1902:6:NX_MLC_SetVideoLayerAddress	0	static
nx_mlc.c:1937:6:NX_MLC_SetVideoLayerAddressYUYV	0	static
nx_mlc.c:1978:6:NX_MLC_SetVideoLayerScaleFactor	0	static
nx_mlc.c:2024:6:NX_MLC_SetVideoLayerScaleFilter	0	static
nx_mlc.c:2066:6:NX_MLC_GetVideoLayerScaleFilter	8	static
nx_mlc.c:2108:6:NX_MLC_SetVideoLayerScale	32	static
nx_mlc.c:2175:6:NX_MLC_SetVideoLayerLumaEnhance	0	static
nx_mlc.c:2230:6:NX_MLC_SetVideoLayerChromaEnhance	0	static
nx_mlc.c:2302:6:NX_MLC_SetVideoLayerLineBufferPowerMode	0	static
nx_mlc.c:2333:7:NX_MLC_GetVideoLayerLineBufferPowerMode	0	static
nx_mlc.c:2376:6:NX_MLC_SetVideoLayerLineBufferSleepMode	0	static
nx_mlc.c:2408:7:NX_MLC_GetVideoLayerLineBufferSleepMode	0	static
nx_mlc.c:2439:6:NX_MLC_SetVideoLayerGamaTablePowerMode	0	static
nx_mlc.c:2484:6:NX_MLC_GetVideoLayerGamaTablePowerMode	0	static
nx_mlc.c:2522:6:NX_MLC_SetVideoLayerGamaTableSleepMode	0	static
nx_mlc.c:2567:6:NX_MLC_GetVideoLayerGamaTableSleepMode	0	static
nx_mlc.c:2601:6:NX_MLC_SetVideoLayerGammaEnable	0	static
nx_mlc.c:2631:7:NX_MLC_GetVideoLayerGammaEnable	0	static
nx_mlc.c:2643:6:NX_MLC_SetGammaTable_Poweroff	0	static
nx_mlc.c:2670:1:NX_MLC_SetMLCTopControlParameter	8	static
nx_mlc.c:2752:5:NX_MLC_GetRGBFormat	120	static
nx_mlc.c:2701:1:NX_MLC_SetRGB0LayerControlParameter	24	static
nx_mlc.c:2796:1:NX_MLC_SetRGB1LayerControlParameter	24	static
nx_mlc.c:2848:1:NX_MLC_SetRGB2LayerControlParameter	24	static
nx_mlc.c:2900:1:NX_MLC_SetVideoLayerControlParameter	8	static
nx_mlc.c:2942:6:NX_MLC_SetSRAMMODE	0	static
nx_mlc.c:2986:1:NX_MLC_SetLayerRegFinish	0	static
nx_mlc.c:3036:1:NX_MLC_SetVideoLayerCoordinate	24	static
nx_mlc.c:3116:6:NX_MLC_SetVideoLayerFilterScale	0	static
nx_mlc.c:3136:6:NX_MLC_SetGammaControlParameter	8	static
nx_mlc.c:3165:6:NX_MLC_SetLayerAlpha256	0	static
nx_mlc.c:3213:7:NX_MLC_IsUnderFlow	0	static
nx_mlc.c:3229:6:NX_MLC_SetGammaTable	8	static
