nx_usb20host.c:37:7:NX_USB20HOST_Initialize	8	static
nx_usb20host.c:57:6:NX_USB20HOST_GetNumberOfModule	0	static
nx_usb20host.c:67:6:NX_USB20HOST_GetSizeOfRegisterSet	0	static
nx_usb20host.c:78:6:NX_USB20HOST_SetBaseAddress	0	static
nx_usb20host.c:92:6:NX_USB20HOST_GetBaseAddress	0	static
nx_usb20host.c:105:6:NX_USB20HOST_GetPhysicalAddress	0	static
nx_usb20host.c:120:7:NX_USB20HOST_OpenModule	8	static
nx_usb20host.c:134:7:NX_USB20HOST_CloseModule	8	static
nx_usb20host.c:148:7:NX_USB20HOST_CheckBusy	8	static
nx_usb20host.c:171:5:NX_USB20HOST_GetClockNumber	0	static
nx_usb20host.c:191:5:NX_USB20HOST_GetResetNumber	0	static
nx_usb20host.c:206:6:SetHCCAPBASE	0	static
nx_usb20host.c:211:6:SetHCSPARAMS	0	static
nx_usb20host.c:216:6:SetHCCPARAMS	0	static
nx_usb20host.c:221:6:SetUSBCMD	0	static
nx_usb20host.c:226:6:SetUSBSTS	0	static
nx_usb20host.c:231:6:SetUSBINTR	0	static
nx_usb20host.c:236:6:SetFRINDEX	0	static
nx_usb20host.c:241:6:SetCTRLDSSEGMENT	0	static
nx_usb20host.c:246:6:SetPERIODICLISTBASE	0	static
nx_usb20host.c:251:6:SetASYNCLISTADDR	0	static
nx_usb20host.c:256:6:SetCONFIGFLAG	0	static
nx_usb20host.c:261:6:SetPORTSC	0	static
nx_usb20host.c:266:6:SetINSNREG00	0	static
nx_usb20host.c:271:6:SetINSNREG01	0	static
nx_usb20host.c:276:6:SetINSNREG02	0	static
nx_usb20host.c:281:6:SetINSNREG03	0	static
nx_usb20host.c:286:6:SetINSNREG04	0	static
nx_usb20host.c:291:6:SetINSNREG05	0	static
nx_usb20host.c:295:6:SetINSNREG06	0	static
nx_usb20host.c:299:6:SetINSNREG07	0	static
nx_usb20host.c:303:6:SetINSNREG08	0	static
nx_usb20host.c:311:5:GetHCCAPBASE	0	static
nx_usb20host.c:316:5:GetHCSPARAMS	0	static
nx_usb20host.c:321:5:GetHCCPARAMS	0	static
nx_usb20host.c:326:5:GetUSBCMD	0	static
nx_usb20host.c:331:5:GetUSBSTS	0	static
nx_usb20host.c:336:5:GetUSBINTR	0	static
nx_usb20host.c:341:5:GetFRINDEX	0	static
nx_usb20host.c:346:5:GetCTRLDSSEGMENT	0	static
nx_usb20host.c:351:5:GetPERIODICLISTBASE	0	static
nx_usb20host.c:356:5:GetASYNCLISTADDR	0	static
nx_usb20host.c:361:5:GetCONFIGFLAG	0	static
nx_usb20host.c:366:5:GetPORTSC	0	static
nx_usb20host.c:371:5:GetINSNREG00	0	static
nx_usb20host.c:376:5:GetINSNREG01	0	static
nx_usb20host.c:381:5:GetINSNREG02	0	static
nx_usb20host.c:386:5:GetINSNREG03	0	static
nx_usb20host.c:391:5:GetINSNREG04	0	static
nx_usb20host.c:396:5:GetINSNREG05	0	static
nx_usb20host.c:400:5:GetINSNREG06	0	static
nx_usb20host.c:404:5:GetINSNREG07	0	static
nx_usb20host.c:408:5:GetINSNREG08	0	static
nx_usb20host.c:415:10:SetHcRevision	0	static
nx_usb20host.c:416:10:SetHcControl	0	static
nx_usb20host.c:417:10:SetHcCommandStatus	0	static
nx_usb20host.c:418:10:SetHcInterruptStatus	0	static
nx_usb20host.c:419:10:SetHcInterruptEnable	0	static
nx_usb20host.c:420:10:SetHcInterruptDisable	0	static
nx_usb20host.c:421:10:SetHcHCCA	0	static
nx_usb20host.c:422:10:SetHcPeriodCurrentED	0	static
nx_usb20host.c:423:10:SetHcControlHeadED	0	static
nx_usb20host.c:424:10:SetHcControlCurrentED	0	static
nx_usb20host.c:425:10:SetHcBulkHeadED	0	static
nx_usb20host.c:426:10:SetHcBulkCurrentED	0	static
nx_usb20host.c:427:10:SetHcDoneHead	0	static
nx_usb20host.c:428:10:SetHcFmInterval	0	static
nx_usb20host.c:429:10:SetHcFmRemaining	0	static
nx_usb20host.c:430:10:SetHcFmNumber	0	static
nx_usb20host.c:431:10:SetHcPeriodicStart	0	static
nx_usb20host.c:432:10:SetHcLSThreshold	0	static
nx_usb20host.c:433:10:SetHcRhDescriptorA	0	static
nx_usb20host.c:434:10:SetHcRhDescriptorB	0	static
nx_usb20host.c:435:10:SetHcRhStatus	0	static
nx_usb20host.c:436:10:SetHcRhPortStatus	0	static
nx_usb20host.c:439:9:GetHcRevision	0	static
nx_usb20host.c:440:9:GetHcControl	0	static
nx_usb20host.c:441:9:GetHcCommandStatus	0	static
nx_usb20host.c:442:9:GetHcInterruptStatus	0	static
nx_usb20host.c:443:9:GetHcInterruptEnable	0	static
nx_usb20host.c:444:9:GetHcInterruptDisable	0	static
nx_usb20host.c:445:9:GetHcHCCA	0	static
nx_usb20host.c:446:9:GetHcPeriodCurrentED	0	static
nx_usb20host.c:447:9:GetHcControlHeadED	0	static
nx_usb20host.c:448:9:GetHcControlCurrentED	0	static
nx_usb20host.c:449:9:GetHcBulkHeadED	0	static
nx_usb20host.c:450:9:GetHcBulkCurrentED	0	static
nx_usb20host.c:451:9:GetHcDoneHead	0	static
nx_usb20host.c:452:9:GetHcFmInterval	0	static
nx_usb20host.c:453:9:GetHcFmRemaining	0	static
nx_usb20host.c:454:9:GetHcFmNumber	0	static
nx_usb20host.c:455:9:GetHcPeriodicStart	0	static
nx_usb20host.c:456:9:GetHcLSThreshold	0	static
nx_usb20host.c:457:9:GetHcRhDescriptorA	0	static
nx_usb20host.c:458:9:GetHcRhDescriptorB	0	static
nx_usb20host.c:459:9:GetHcRhStatus	0	static
nx_usb20host.c:460:9:GetHcRhPortStatus	0	static
nx_usb20host.c:462:10:SetAPB00	0	static
nx_usb20host.c:463:9:GetAPB00	0	static
